>AAA24053.1 tests/data/larger_test.fasta reverseTranslate Rugile Luksaite
ATGACCATGATTACCGATAGCCTGGCGGTGGTGCTGCAGCGCCGCGATTGGGAAAACCCGGGCGTGACCCAGCTGAACCGCCTGGCGGCGCATCCGCCGTTTGCGAGCTGGCGCAACAGCGAAGAAGCGCGCACCGATCGCCCGAGCCAGCAGCTGCGCAGCCTGAACGGCGAATGGCGCTTTGCGTGGTTTCCGGCGCCGGAAGCGGTGCCGGAAAGCTGGCTGGAATGCGATCTGCCGGAAGCGGATACCGTGGTGGTGCCGAGCAACTGGCAGATGCATGGCTATGATGCGCCGATTTATACCAACGTGACCTATCCGATTACCGTGAACCCGCCGTTTGTGCCGACCGAAAACCCGACCGGCTGCTATAGCCTGACCTTTAACGTGGATGAAAGCTGGCTGCAGGAAGGCCAGACCCGCATTATTTTTGATGGCGTGAACAGCGCGTTTCATCTGTGGTGCAACGGCCGCTGGGTGGGCTATGGCCAGGATAGCCGCCTGCCGAGCGAATTTGATCTGAGCGCGTTTCTGCGCGCGGGCGAAAACCGCCTGGCGGTGATGGTGCTGCGCTGGAGCGATGGCAGCTATCTGGAAGATCAGGATATGTGGCGCATGAGCGGCATTTTTCGCGATGTGAGCCTGCTGCATAAACCGACCACCCAGATTAGCGATTTTCATGTGGCGACCCGCTTTAACGATGATTTTAGCCGCGCGGTGCTGGAAGCGGAAGTGCAGATGTGCGGCGAACTGCGCGATTATCTGCGCGTGACCGTGAGCCTGTGGCAGGGCGAAACCCAGGTGGCGAGCGGCACCGCGCCGTTTGGCGGCGAAATTATTGATGAACGCGGCGGCTATGCGGATCGCGTGACCCTGCGCCTGAACGTGGAAAACCCGAAACTGTGGAGCGCGGAAATTCCGAACCTGTATCGCGCGGTGGTGGAACTGCATACCGCGGATGGCACCCTGATTGAAGCGGAAGCGTGCGATGTGGGCTTTCGCGAAGTGCGCATTGAAAACGGCCTGCTGCTGCTGAACGGCAAACCGCTGCTGATTCGCGGCGTGAACCGCCATGAACATCATCCGCTGCATGGCCAGGTGATGGATGAACAGACCATGGTGCAGGATATTCTGCTGATGAAACAGAACAACTTTAACGCGGTGCGCTGCAGCCATTATCCGAACCATCCGCTGTGGTATACCCTGTGCGATCGCTATGGCCTGTATGTGGTGGATGAAGCGAACATTGAAACCCATGGCATGGTGCCGATGAACCGCCTGACCGATGATCCGCGCTGGCTGCCGGCGATGAGCGAACGCGTGACCCGCATGGTGCAGCGCGATCGCAACCATCCGAGCGTGATTATTTGGAGCCTGGGCAACGAAAGCGGCCATGGCGCGAACCATGATGCGCTGTATCGCTGGATTAAAAGCGTGGATCCGAGCCGCCCGGTGCAGTATGAAGGCGGCGGCGCGGATACCACCGCGACCGATATTATTTGCCCGATGTATGCGCGCGTGGATGAAGATCAGCCGTTTCCGGCGGTGCCGAAATGGAGCATTAAAAAATGGCTGAGCCTGCCGGGCGAAACCCGCCCGCTGATTCTGTGCGAATATGCGCATGCGATGGGCAACAGCCTGGGCGGCTTTGCGAAATATTGGCAGGCGTTTCGCCAGTATCCGCGCCTGCAGGGCGGCTTTGTGTGGGATTGGGTGGATCAGAGCCTGATTAAATATGATGAAAACGGCAACCCGTGGAGCGCGTATGGCGGCGATTTTGGCGATACCCCGAACGATCGCCAGTTTTGCATGAACGGCCTGGTGTTTGCGGATCGCACCCCGCATCCGGCGCTGACCGAAGCGAAACATCAGCAGCAGTTTTTTCAGTTTCGCCTGAGCGGCCAGACCATTGAAGTGACCAGCGAATATCTGTTTCGCCATAGCGATAACGAACTGCTGCATTGGATGGTGGCGCTGGATGGCAAACCGCTGGCGAGCGGCGAAGTGCCGCTGGATGTGGCGCCGCAGGGCAAACAGCTGATTGAACTGCCGGAACTGCCGCAGCCGGAAAGCGCGGGCCAGCTGTGGCTGACCGTGCGCGTGGTGCAGCCGAACGCGACCGCGTGGAGCGAAGCGGGCCATATTAGCGCGTGGCAGCAGTGGCGCCTGGCGGAAAACCTGAGCGTGACCCTGCCGGCGGCGAGCCATGCGATTCCGCATCTGACCACCAGCGAAATGGATTTTTGCATTGAACTGGGCAACAAACGCTGGCAGTTTAACCGCCAGAGCGGCTTTCTGAGCCAGATGTGGATTGGCGATAAAAAACAGCTGCTGACCCCGCTGCGCGATCAGTTTACCCGCGCGCCGCTGGATAACGATATTGGCGTGAGCGAAGCGACCCGCATTGATCCGAACGCGTGGGTGGAACGCTGGAAAGCGGCGGGCCATTATCAGGCGGAAGCGGCGCTGCTGCAGTGCACCGCGGATACCCTGGCGGATGCGGTGCTGATTACCACCGCGCATGCGTGGCAGCATCAGGGCAAAACCCTGTTTATTAGCCGCAAAACCTATCGCATTGATGGCAGCGGCCAGATGGCGATTACCGTGGATGTGGAAGTGGCGAGCGATACCCCGCATCCGGCGCGCATTGGCCTGAACTGCCAGCTGGCGCAGGTGGCGGAACGCGTGAACTGGCTGGGCCTGGGCCCGCAGGAAAACTATCCGGATCGCCTGACCGCGGCGTGCTTTGATCGCTGGGATCTGCCGCTGAGCGATATGTATACCCCGTATGTGTTTCCGAGCGAAAACGGCCTGCGCTGCGGCACCCGCGAACTGAACTATGGCCCGCATCAGTGGCGCGGCGATTTTCAGTTTAACATTAGCCGCTATAGCCAGCAGCAGCTGATGGAAACCAGCCATCGCCATCTGCTGCATGCGGAAGAAGGCACCTGGCTGAACATTGATGGCTTTCATATGGGCATTGGCGGCGATGATAGCTGGAGCCCGAGCGTGAGCGCGGAATTTCAGCTGAGCGCGGGCCGCTATCATTATCAGCTGGTGTGGTGCCAGAAA
>AAA23457.1 tests/data/larger_test.fasta reverseTranslate Rugile Luksaite
ATGAGCTATCAGGTGCTGGCGCGCAAATGGCGCCCGCAGACCTTTGCGGATGTGGTGGGCCAGGAACATGTGCTGACCGCGCTGGCGAACGGCCTGAGCCTGGGCCGCATTCATCATGCGTATCTGTTTAGCGGCACCCGCGGCGTGGGCAAAACCAGCATTGCGCGCCTGCTGGCGAAAGGCCTGAACTGCGAAACCGGCATTACCGCGACCCCGTGCGGCGTGTGCGATAACTGCCGCGAAATTGAACAGGGCCGCTTTGTGGATCTGATTGAAATTGATGCGGCGAGCCGCACCAAAGTGGAAGATACCCGCGATCTGCTGGATAACGTGCAGTATGCGCCGGCGCGCGGCCGCTTTAAAGTGTATCTGATTGATGAAGTGCATATGCTGAGCCGCCATAGCTTTAACGCGCTGCTGAAAACCCTGGAAGAACCGCCGGAACATGTGAAATTTCTGCTGGCGACCACCGATCCGCAGAAACTGCCGGTGACCATTCTGAGCCGCTGCCTGCAGTTTCATCTGAAAGCGCTGGATGTGGAACAGATTCGCCATCAGCTGGAACATATTCTGAACGAAGAACATATTGCGCATGAACCGCGCGCGCTGCAGCTGCTGGCGCGCGCGGCGGAAGGCAGCCTGCGCGATGCGCTGAGCCTGACCGATCAGGCGATTGCGAGCGGCGATGGCCAGGTGAGCACCCAGGCGGTGAGCGCGATGCTGGGCACCCTGGATGATGATCAGGCGCTGAGCCTGGTGGAAGCGATGGTGGAAGCGAACGGCGAACGCGTGATGGCGCTGATTAACGAAGCGGCGGCGCGCGGCATTGAATGGGAAGCGCTGCTGGTGGAAATGCTGGGCCTGCTGCATCGCATTGCGATGGTGCAGCTGAGCCCGGCGGCGCTGGGCAACGATATGGCGGCGATTGAACTGCGCATGCGCGAACTGGCGCGCACCATTCCGCCGACCGATATTCAGCTGTATTATCAGACCCTGCTGATTGGCCGCAAAGAACTGCCGTATGCGCCGGATCGCCGCATGGGCGTGGAAATGACCCTGCTGCGCGCGCTGGCGTTTCATCCGCGCATGCCGCTGCCGGAACCGGAAGTGCCGCGCCAGAGCTTTGCGCCGGTGGCGCCGACCGCGGTGATGACCCCGACCCAGGTGCCGCCGCAGCCGCAGAGCGCGCCGCAGCAGGCGCCGACCGTGCCGCTGCCGGAAACCACCAGCCAGGTGCTGGCGGCGCGCCAGCAGCTGCAGCGCGTGCAGGGCGCGACCAAAGCGAAAAAAAGCGAACCGGCGGCGGCGACCCGCGCGCGCCCGGTGAACAACGCGGCGCTGGAACGCCTGGCGAGCGTGACCGATCGCGTGCAGGCGCGCCCGGTGCCGAGCGCGCTGGAAAAAGCGCCGGCGAAAAAAGAAGCGTATCGCTGGAAAGCGACCACCCCGGTGATGCAGCAGAAAGAAGTGGTGGCGACCCCGAAAGCGCTGAAAAAAGCGCTGGAACATGAAAAAACCCCGGAACTGGCGGCGAAACTGGCGGCGGAAGCGATTGAACGCGATCCGTGGGCGGCGCAGGTGAGCCAGCTGAGCCTGCCGAAACTGGTGGAACAGGTGGCGCTGAACGCGTGGAAAGAAGAAAGCGATAACGCGGTGTGCCTGCATCTGCGCAGCAGCCAGCGCCATCTGAACAACCGCGGCGCGCAGCAGAAACTGGCGGAAGCGCTGAGCATGCTGAAAGGCAGCACCGTGGAACTGACCATTGTGGAAGATGATAACCCGGCGGTGCGCACCCCGCTGGAATGGCGCCAGGCGATTTATGAAGAAAAACTGGCGCAGGCGCGCGAAAGCATTATTGCGGATAACAACATTCAGACCCTGCGCCGCTTTTTTGATGCGGAACTGGATGAAGAAAGCATTCGCCCGATT
>AAA23460.1 tests/data/larger_test.fasta reverseTranslate Rugile Luksaite
ATGAAAGGCCAGGAAACCCGCGGCTTTCAGAGCGAAGTGAAACAGCTGCTGCATCTGATGATTCATAGCCTGTATAGCAACAAAGAAATTTTTCTGCGCGAACTGATTAGCAACGCGAGCGATGCGGCGGATAAACTGCGCTTTCGCGCGCTGAGCAACCCGGATCTGTATGAAGGCGATGGCGAACTGCGCGTGCGCGTGAGCTTTGATAAAGATAAACGCACCCTGACCATTAGCGATAACGGCGTGGGCATGACCCGCGATGAAGTGATTGATCATCTGGGCACCATTGCGAAAAGCGGCACCAAAAGCTTTCTGGAAAGCCTGGGCAGCGATCAGGCGAAAGATAGCCAGCTGATTGGCCAGTTTGGCGTGGGCTTTTATAGCGCGTTTATTGTGGCGGATAAAGTGACCGTGCGCACCCGCGCGGCGGGCGAAAAACCGGAAAACGGCGTGTTTTGGGAAAGCGCGGGCGAAGGCGAATATACCGTGGCGGATATTACCAAAGAAGATCGCGGCACCGAAATTACCCTGCATCTGCGCGAAGGCGAAGATGAATTTCTGGATGATTGGCGCGTGCGCAGCATTATTAGCAAATATAGCGATCATATTGCGCTGCCGGTGGAAATTGAAAAACGCGAAGAAAAAGATGGCGAAACCGTGATTAGCTGGGAAAAAATTAACAAAGCGCAGGCGCTGTGGACCCGCAACAAAAGCGAAATTACCGATGAAGAATATAAAGAATTTTATAAACATATTGCGCATGATTTTAACGATCCGCTGACCTGGAGCCATAACCGCGTGGAAGGCAAACAGGAATATACCAGCCTGCTGTATATTCCGAGCCAGGCGCCGTGGGATATGTGGAACCGCGATCATAAACATGGCCTGAAACTGTATGTGCAGCGCGTGTTTATTATGGATGATGCGGAACAGTTTATGCCGAACTATCTGCGCTTTGTGCGCGGCCTGATTGATAGCAGCGATCTGCCGCTGAACGTGAGCCGCGAAATTCTGCAGGATAGCACCGTGACCCGCAACCTGCGCAACGCGCTGACCAAACGCGTGCTGCAGATGCTGGAAAAACTGGCGAAAGATGATGCGGAAAAATATCAGACCTTTTGGCAGCAGTTTGGCCTGGTGCTGAAAGAAGGCCCGGCGGAAGATTTTGCGAACCAGGAAGCGATTGCGAAACTGCTGCGCTTTGCGAGCACCCATACCGATAGCAGCGCGCAGACCGTGAGCCTGGAAGATTATGTGAGCCGCATGAAAGAAGGCCAGGAAAAAATTTATTATATTACCGCGGATAGCTATGCGGCGGCGAAAAGCAGCCCGCATCTGGAACTGCTGCGCAAAAAAGGCATTGAAGTGCTGCTGCTGAGCGATCGCATTGATGAATGGATGATGAACTATCTGACCGAATTTGATGGCAAACCGTTTCAGAGCGTGAGCAAAGTGGATGAAAGCCTGGAAAAACTGGCGGATGAAGTGGATGAAAGCGCGAAAGAAGCGGAAAAAGCGCTGACCCCGTTTATTGATCGCGTGAAAGCGCTGCTGGGCGAACGCGTGAAAGATGTGCGCCTGACCCATCGCCTGACCGATACCCCGGCGATTGTGAGCACCGATGCGGATGAAATGAGCACCCAGATGGCGAAACTGTTTGCGGCGGCGGGCCAGAAAGTGCCGGAAGTGAAATATATTTTTGAACTGAACCCGGATCATGTGCTGGTGAAACGCGCGGCGGATACCGAAGATGAAGCGAAATTTAGCGAATGGGTGGAACTGCTGCTGGATCAGGCGCTGCTGGCGGAACGCGGCACCCTGGAAGATCCGAACCTGTTTATTCGCCGCATGAACCAGCTGCTGGTGAGC
