reverseTranslate:'-': line after '>header1': 
            Sequence is not provided. Please insert sequence after header.
>header2 - reverseTranslate Rugile Luksaite
ATTCTGAAAATGTTTCCGAGCACCTGGTGGTGGTGGTGGTAT
