reverseTranslate:'tests/data/noheader.fasta': first line : Header is not found. 
            Please insert suitable header before sequence.
>header20 tests/data/noheader.fasta reverseTranslate Rugile Luksaite
TTTCTGTATCATCAGCAGCAGCAGCAGCAGCAGATTATGATGATGATGAACAAAGTGGTGGTGGTGGTGGTGGTGGTGGTGGTGGTGGTGGTGGTGGTGGATGAAAGCAGCAGCAGCAGCAGCAGCTGCTGCTGCTGCACCGCGGCGGCGGCGGCGGCGGCGGCGGCGCGCCGCCCGCAGCAGCAGCAGCAGTGGTGGTGGTGGTGGTGGTGG
