>header1 - reverseTranslate Rugile Luksaite
TTTCTGTATCATCAGATTATGAACAAA
>header2 - reverseTranslate Rugile Luksaite
TTTTATCATCAGATTATGAACAAAGTGGATGAATGCTGGCCGACCGCGGGCCTGAGCCGC
>header3 - reverseTranslate Rugile Luksaite
GCGGCGGCGGCGGCG
>header4 - reverseTranslate Rugile Luksaite
GCGACCGCGACCCGCCGCCGCCGC
>header5 - reverseTranslate Rugile Luksaite
GGCGCGACCCGCCCGTGGTGGCCGTGCTGC
>header6 - reverseTranslate Rugile Luksaite
GCGACCGCGACCCGCCGCCGCCGCCATCAGATTATTATTATTATGAACGATGAAAGCAGCAGC
>header7 - reverseTranslate Rugile Luksaite
AGCTGCGAAGATGATGATGATGATATGATTATTATTATTCAGCATTATTAT
