reverseTranslate:'-': line after '>header1': Sequence contains 
            forbidden symbols, non existent amino acids or lower case 
            letters. Please remove these symbols.
