reverseTranslate:'-': first line : Header is not found. 
            Please insert suitable header before sequence.
>header20 - reverseTranslate Rugile Luksaite
TTTCTGTATCATCAGCAGCAGCAGCAGCAGCAGATTATGATGATGATGAACAAAGTGGTGGTGGTGGTGGTGGTGGTGGTGGTGGTGGTGGTGGTGGTGGATGAAAGCAGCAGCAGCAGCAGCAGCTGCTGCTGCTGCACCGCGGCGGCGGCGGCGGCGGCGGCGGCGCGCCGCCCGCAGCAGCAGCAGCAGTGGTGGTGGTGGTGGTGGTGG
