Can't open seq.fasta: No such file or directory at ./reverseTranslate line 155.
